
> api-gateway@1.0.0 test
> jest --coverage --verbose

2025-12-28 11:34:29 [[33mwarn[39m]: Unauthorized role access attempt {
  "service": "api-gateway",
  "role": "student",
  "allowedRoles": [
    "admin"
  ]
}
node.exe : (node:17556) Warning: `--localstorage-file` was provided without a valid path
Au caractère Ligne:1 : 1
+ & "C:\Program Files\nodejs/node.exe" "C:\Program Files\nodejs/node_mo ...
+ ~~~~~~~~~~~~~~~~~~~~~~~~~~~~~~~~~~~~~~~~~~~~~~~~~~~~~~~~~~~~~~~~~~~~~
    + CategoryInfo          : NotSpecified: ((node:17556) Wa...ut a valid path:String) [], RemoteEx 
   ception
    + FullyQualifiedErrorId : NativeCommandError
 
(Use `node --trace-warnings ...` to show where the warning was created)
FAIL src/tests/auth.test.js
  Authentication Middleware
    verifyToken
      ÔêÜ should reject request without token (12 ms)
      ÔêÜ should reject invalid token (2 ms)
      ├ù should accept valid token (8 ms)
    checkRole
      ÔêÜ should allow user with correct role (2 ms)
      ÔêÜ should reject user with incorrect role (9 ms)

  ÔùÅ Authentication Middleware ÔÇ║ verifyToken ÔÇ║ should accept valid token

    expect(jest.fn()).toHaveBeenCalled()

    Expected number of calls: >= 1
    Received number of calls:    0

    [0m [90m 62 |[39m       verifyToken(req[33m,[39m res[33m,[39m next)[33m;[39m
     [90m 63 |[39m
    [31m[1m>[22m[39m[90m 64 |[39m       expect(next)[33m.[39mtoHaveBeenCalled()[33m;[39m
     [90m    |[39m                    [31m[1m^[22m[39m
     [90m 65 |[39m       expect(req[33m.[39muser)[33m.[39mtoBeDefined()[33m;[39m
     [90m 66 |[39m       
expect(req[33m.[39muser[33m.[39muserId)[33m.[39mtoBe([32m'test-id'[39m)[33m;[39m
     [90m 67 |[39m     })[33m;[39m[0m

      at Object.toHaveBeenCalled (src/tests/auth.test.js:64:20)

FAIL src/tests/metrics.test.js
  ÔùÅ Test suite failed to run

    Jest encountered an unexpected token

    Jest failed to parse a file. This happens e.g. when your code or its dependencies use 
non-standard JavaScript syntax, or when Jest is not configured to support such syntax.

    Out of the box Jest supports Babel, which will be used to transform your files into valid JS 
based on your Babel configuration.

    By default "node_modules" folder is ignored by transformers.

    Here's what you can do:
     ÔÇó If you are trying to use ECMAScript Modules, see https://jestjs.io/docs/ecmascript-modules 
for how to enable it.
     ÔÇó If you are trying to use TypeScript, see 
https://jestjs.io/docs/getting-started#using-typescript
     ÔÇó To have some of your "node_modules" files transformed, you can specify a custom 
"transformIgnorePatterns" in your config.
     ÔÇó If you need a custom transformation, specify a "transform" option in your config.
     ÔÇó If you simply want to mock your non-JS modules (e.g. binary assets) you can stub them out 
with the "moduleNameMapper" config option.

    You'll find more details and examples of these config options in the docs:
    https://jestjs.io/docs/configuration
    For information about custom transformations, see:
    https://jestjs.io/docs/code-transformation

    Details:

    F:\CampusEduProject\api-gateway\node_modules\uuid\dist-node\index.js:1
    export { default as MAX } from './max.js';
    ^^^^^^

    SyntaxError: Unexpected token 'export'

    [0m [90m 2 |[39m [90m * Request ID middleware for tracing[39m
     [90m 3 |[39m [90m */[39m
    [31m[1m>[22m[39m[90m 4 |[39m [36mconst[39m { v4[33m:[39m uuidv4 } [33m=[39m 
require([32m'uuid'[39m)[33m;[39m
     [90m   |[39m                        [31m[1m^[22m[39m
     [90m 5 |[39m
     [90m 6 |[39m [90m/**[39m
     [90m 7 |[39m [90m * Add unique request ID to each request[39m[0m

      at Runtime.createScriptFromCode (node_modules/jest-runtime/build/index.js:1318:40)
      at Object.require (src/middleware/requestId.js:4:24)
      at Object.require (src/app.js:25:23)
      at Object.require (src/tests/metrics.test.js:112:13)

(node:4444) Warning: `--localstorage-file` was provided without a valid path
(Use `node --trace-warnings ...` to show where the warning was created)
FAIL src/tests/health.test.js
  ÔùÅ Test suite failed to run

    Jest encountered an unexpected token

    Jest failed to parse a file. This happens e.g. when your code or its dependencies use 
non-standard JavaScript syntax, or when Jest is not configured to support such syntax.

    Out of the box Jest supports Babel, which will be used to transform your files into valid JS 
based on your Babel configuration.

    By default "node_modules" folder is ignored by transformers.

    Here's what you can do:
     ÔÇó If you are trying to use ECMAScript Modules, see https://jestjs.io/docs/ecmascript-modules 
for how to enable it.
     ÔÇó If you are trying to use TypeScript, see 
https://jestjs.io/docs/getting-started#using-typescript
     ÔÇó To have some of your "node_modules" files transformed, you can specify a custom 
"transformIgnorePatterns" in your config.
     ÔÇó If you need a custom transformation, specify a "transform" option in your config.
     ÔÇó If you simply want to mock your non-JS modules (e.g. binary assets) you can stub them out 
with the "moduleNameMapper" config option.

    You'll find more details and examples of these config options in the docs:
    https://jestjs.io/docs/configuration
    For information about custom transformations, see:
    https://jestjs.io/docs/code-transformation

    Details:

    F:\CampusEduProject\api-gateway\node_modules\uuid\dist-node\index.js:1
    export { default as MAX } from './max.js';
    ^^^^^^

    SyntaxError: Unexpected token 'export'

    [0m [90m 2 |[39m [90m * Request ID middleware for tracing[39m
     [90m 3 |[39m [90m */[39m
    [31m[1m>[22m[39m[90m 4 |[39m [36mconst[39m { v4[33m:[39m uuidv4 } [33m=[39m 
require([32m'uuid'[39m)[33m;[39m
     [90m   |[39m                        [31m[1m^[22m[39m
     [90m 5 |[39m
     [90m 6 |[39m [90m/**[39m
     [90m 7 |[39m [90m * Add unique request ID to each request[39m[0m

      at Runtime.createScriptFromCode (node_modules/jest-runtime/build/index.js:1318:40)
      at Object.require (src/middleware/requestId.js:4:24)
      at Object.require (src/app.js:25:23)
      at Object.require (src/tests/health.test.js:5:13)

(node:13200) Warning: `--localstorage-file` was provided without a valid path
(Use `node --trace-warnings ...` to show where the warning was created)
(node:8800) Warning: `--localstorage-file` was provided without a valid path
(Use `node --trace-warnings ...` to show where the warning was created)
FAIL src/tests/circuitBreaker.test.js
  Circuit Breaker
    ÔêÜ should start in CLOSED state (9 ms)
    ÔêÜ should open after threshold failures (3 ms)
    ├ù should transition to HALF_OPEN after timeout (1104 ms)
    ÔêÜ should reset failures on success (2 ms)

  ÔùÅ Circuit Breaker ÔÇ║ should transition to HALF_OPEN after timeout

    ReferenceError: logger is not defined

    [0m [90m 24 |[39m       [36mif[39m ([33mDate[39m[33m.[39mnow() [33m-[39m 
[36mthis[39m[33m.[39mlastFailureTime [33m>=[39m [36mthis[39m[33m.[39mresetTimeout) {
     [90m 25 |[39m         [36mthis[39m[33m.[39mstate [33m=[39m 
[32m'HALF_OPEN'[39m[33m;[39m
    [31m[1m>[22m[39m[90m 26 |[39m         logger[33m.[39minfo([32m`Circuit breaker 
${this.serviceName}: Attempting to close (HALF_OPEN)`[39m)[33m;[39m
     [90m    |[39m         [31m[1m^[22m[39m
     [90m 27 |[39m       } [36melse[39m {
     [90m 28 |[39m         [36mthrow[39m [36mnew[39m [33mError[39m([32m`Circuit breaker is 
OPEN for ${this.serviceName}`[39m)[33m;[39m
     [90m 29 |[39m       }[0m

      at CircuitBreaker.logger [as execute] (src/proxy/circuitBreaker.js:26:9)
      at Object.execute (src/tests/circuitBreaker.test.js:53:19)

A worker process has failed to exit gracefully and has been force exited. This is likely caused by 
tests leaking due to improper teardown. Try running with --detectOpenHandles to find leaks. Active 
timers can also cause this, ensure that .unref() was called on them.
-----------------------|---------|----------|---------|---------|------------------------------
File                   | % Stmts | % Branch | % Funcs | % Lines | Uncovered Line #s            
-----------------------|---------|----------|---------|---------|------------------------------
All files              |   16.12 |    12.37 |   11.11 |   16.31 |                              
 src                   |       0 |        0 |       0 |       0 |                              
  app.js               |       0 |        0 |       0 |       0 | 4-186                        
  index.js             |       0 |      100 |     100 |       0 | 4                            
 src/config            |   16.66 |     7.14 |     100 |   16.66 |                              
  cors.js              |       0 |        0 |     100 |       0 | 4                            
  rateLimit.js         |       0 |      100 |     100 |       0 | 4                            
  routes.js            |       0 |      100 |     100 |       0 | 10-12                        
  security.js          |     100 |       50 |     100 |     100 | 45                           
  services.js          |       0 |        0 |     100 |       0 | 4                            
 src/middleware        |   32.23 |    24.52 |   26.66 |   32.23 |                              
  authMiddleware.js    |   54.54 |       50 |      75 |   54.54 | 32-45,52-63,78-107,119       
  errorHandler.js      |       0 |        0 |       0 |       0 | 4-75                         
  logger.js            |      60 |       50 |      25 |      60 | 11,71-97,104-113             
  rateLimiter.js       |       0 |        0 |       0 |       0 | 4-61                         
  requestId.js         |       0 |        0 |       0 |       0 | 4-15                         
 src/proxy             |    22.3 |    16.66 |   15.38 |    22.3 |                              
  circuitBreaker.js    |    61.7 |    52.38 |   57.14 |    61.7 | 28,49-54,67-69,82-99,107-110 
  healthCheck.js       |       0 |        0 |       0 |       0 | 4-90                         
  proxyHandler.js      |       0 |        0 |       0 |       0 | 4-186                        
 src/utils             |       0 |        0 |       0 |       0 |                              
  cache.js             |       0 |        0 |       0 |       0 | 6-77                         
  helpers.js           |       0 |        0 |       0 |       0 | 8-110                        
  metrics.js           |       0 |        0 |       0 |       0 | 4-142                        
  responseFormatter.js |       0 |        0 |       0 |       0 | 8-44                         
  validation.js        |       0 |        0 |       0 |       0 | 4-71                         
-----------------------|---------|----------|---------|---------|------------------------------
Jest: "global" coverage threshold for statements (70%) not met: 16.12%
Jest: "global" coverage threshold for branches (70%) not met: 12.37%
Jest: "global" coverage threshold for lines (70%) not met: 16.31%
Jest: "global" coverage threshold for functions (70%) not met: 11.11%
Test Suites: 4 failed, 4 total
Tests:       2 failed, 7 passed, 9 total
Snapshots:   0 total
Time:        4.737 s
Ran all test suites.
