
> api-gateway@1.0.0 test
> jest --coverage --verbose

2025-12-28 11:38:34 [[31merror[39m]: Circuit breaker test-service: OPEN after 3 failures {
  "service": "api-gateway"
}
2025-12-28 11:38:34 [[31merror[39m]: Circuit breaker test-service: OPEN after 3 failures {
  "service": "api-gateway"
}
2025-12-28 11:38:35 [[33mwarn[39m]: Unauthorized role access attempt {
  "service": "api-gateway",
  "role": "student",
  "allowedRoles": [
    "admin"
  ]
}
node.exe : (node:14696) Warning: `--localstorage-file` was provided without a valid path
Au caractère Ligne:1 : 1
+ & "C:\Program Files\nodejs/node.exe" "C:\Program Files\nodejs/node_mo ...
+ ~~~~~~~~~~~~~~~~~~~~~~~~~~~~~~~~~~~~~~~~~~~~~~~~~~~~~~~~~~~~~~~~~~~~~
    + CategoryInfo          : NotSpecified: ((node:14696) Wa...ut a valid path:String) [], RemoteEx 
   ception
    + FullyQualifiedErrorId : NativeCommandError
 
(Use `node --trace-warnings ...` to show where the warning was created)
PASS src/tests/auth.test.js
  Authentication Middleware
    verifyToken
      ÔêÜ should reject request without token (13 ms)
      ÔêÜ should reject invalid token (1 ms)
      ÔêÜ should accept valid token (6 ms)
    checkRole
      ÔêÜ should allow user with correct role (2 ms)
      ÔêÜ should reject user with incorrect role (5 ms)

2025-12-28 11:38:35 [[32minfo[39m]: Resetting metrics {
  "service": "api-gateway"
}
2025-12-28 11:38:35 [[32minfo[39m]: Resetting metrics {
  "service": "api-gateway"
}
2025-12-28 11:38:35 [[32minfo[39m]: Resetting metrics {
  "service": "api-gateway"
}
2025-12-28 11:38:35 [[32minfo[39m]: Incoming request {
  "service": "api-gateway",
  "method": "GET",
  "url": "/health",
  "ip": "::ffff:127.0.0.1"
}
2025-12-28 11:38:35 [[32minfo[39m]: Request completed {
  "service": "api-gateway",
  "method": "GET",
  "url": "/health",
  "status": 200,
  "duration": "11ms",
  "ip": "::ffff:127.0.0.1"
}
2025-12-28 11:38:35 [[32minfo[39m]: Incoming request {
  "service": "api-gateway",
  "method": "GET",
  "url": "/health",
  "ip": "::ffff:127.0.0.1"
}
2025-12-28 11:38:35 [[32minfo[39m]: Incoming request {
  "service": "api-gateway",
  "method": "GET",
  "url": "/live",
  "ip": "::ffff:127.0.0.1"
}
2025-12-28 11:38:35 [[32minfo[39m]: Request completed {
  "service": "api-gateway",
  "method": "GET",
  "url": "/live",
  "status": 200,
  "duration": "1ms",
  "ip": "::ffff:127.0.0.1"
}
2025-12-28 11:38:35 [[32minfo[39m]: Request completed {
  "service": "api-gateway",
  "method": "GET",
  "url": "/health",
  "status": 200,
  "duration": "8ms",
  "ip": "::ffff:127.0.0.1"
}
(node:17196) Warning: `--localstorage-file` was provided without a valid path
(Use `node --trace-warnings ...` to show where the warning was created)
PASS src/tests/health.test.js
  Health Check Endpoints
    GET /health
      ÔêÜ should return 200 and health status (56 ms)
    GET /live
      ÔêÜ should return 200 and liveness status (9 ms)

2025-12-28 11:38:35 [[32minfo[39m]: Incoming request {
  "service": "api-gateway",
  "method": "GET",
  "url": "/api/nonexistent",
  "ip": "::ffff:127.0.0.1"
}
  console.error
    ValidationError: The Express 'trust proxy' setting is true, which allows anyone to trivially bypass IP-based rate limiting. See https://express-rate-limit.github.io/ERR_ERL_PERMISSIVE_TRUST_PROXY/ for more information.
        at Object.trustProxy (F:\CampusEduProject\api-gateway\node_modules\express-rate-limit\dist\index.cjs:348:13)
        at Object.wrappedValidations.<computed> [as trustProxy] (F:\CampusEduProject\api-gateway\node_modules\express-rate-limit\dist\index.cjs:680:22)
        at Object.keyGenerator (F:\CampusEduProject\api-gateway\node_modules\express-rate-limit\dist\index.cjs:782:20)
        at F:\CampusEduProject\api-gateway\node_modules\express-rate-limit\dist\index.cjs:844:32
        at processTicksAndRejections (node:internal/process/task_queues:103:5)
        at F:\CampusEduProject\api-gateway\node_modules\express-rate-limit\dist\index.cjs:825:5 {
      code: 'ERR_ERL_PERMISSIVE_TRUST_PROXY',
      help: 'https://express-rate-limit.github.io/ERR_ERL_PERMISSIVE_TRUST_PROXY/'
    }

      at Object.wrappedValidations.<computed> [as trustProxy] (node_modules/express-rate-limit/dist/index.cjs:686:24)
      at Object.keyGenerator (node_modules/express-rate-limit/dist/index.cjs:782:20)
      at node_modules/express-rate-limit/dist/index.cjs:844:32
      at node_modules/express-rate-limit/dist/index.cjs:825:5

2025-12-28 11:38:35 [[33mwarn[39m]: Route not found {
  "service": "api-gateway",
  "method": "GET",
  "url": "/api/nonexistent",
  "ip": "::ffff:127.0.0.1"
}
2025-12-28 11:38:35 [[33mwarn[39m]: Request completed {
  "service": "api-gateway",
  "method": "GET",
  "url": "/api/nonexistent",
  "status": 404,
  "duration": "58ms",
  "ip": "::ffff:127.0.0.1"
}
2025-12-28 11:38:35 [[32minfo[39m]: Incoming request {
  "service": "api-gateway",
  "method": "GET",
  "url": "/health",
  "ip": "::ffff:127.0.0.1"
}
2025-12-28 11:38:35 [[32minfo[39m]: Request completed {
  "service": "api-gateway",
  "method": "GET",
  "url": "/health",
  "status": 200,
  "duration": "2ms",
  "ip": "::ffff:127.0.0.1"
}
(node:17336) Warning: `--localstorage-file` was provided without a valid path
(Use `node --trace-warnings ...` to show where the warning was created)
PASS src/tests/metrics.test.js
  Metrics
    ÔêÜ should record requests (11 ms)
    ÔêÜ should track response times (3 ms)
    ÔêÜ should track errors by service (1 ms)
  Helper Functions
    cleanObject
      ÔêÜ should remove null and undefined values (1 ms)
    buildPaginationResponse
      ÔêÜ should build correct pagination info (1 ms)
    safeJSONParse
      ÔêÜ should parse valid JSON (1 ms)
      ÔêÜ should return default on invalid JSON (1 ms)
  Integration Tests
    Request Flow
      ÔêÜ should add request ID to response (39 ms)
      ÔêÜ should handle 404 correctly (67 ms)
    CORS
      ÔêÜ should include CORS headers (7 ms)
    Security Headers
      ÔêÜ should include security headers (8 ms)

2025-12-28 11:38:36 [[32minfo[39m]: Circuit breaker test-service: Attempting to close (HALF_OPEN) {
  "service": "api-gateway"
}
(node:22716) Warning: `--localstorage-file` was provided without a valid path
(Use `node --trace-warnings ...` to show where the warning was created)
PASS src/tests/circuitBreaker.test.js
  Circuit Breaker
    ÔêÜ should start in CLOSED state (10 ms)
    ÔêÜ should open after threshold failures (10 ms)
    ÔêÜ should transition to HALF_OPEN after timeout (1118 ms)
    ÔêÜ should reset failures on success (2 ms)

A worker process has failed to exit gracefully and has been force exited. This is likely caused by 
tests leaking due to improper teardown. Try running with --detectOpenHandles to find leaks. Active 
timers can also cause this, ensure that .unref() was called on them.
-----------------------|---------|----------|---------|---------|-------------------------------
File                   | % Stmts | % Branch | % Funcs | % Lines | Uncovered Line #s             
-----------------------|---------|----------|---------|---------|-------------------------------
All files              |   53.84 |    40.59 |   41.66 |   54.48 |                               
 src                   |   94.33 |       80 |     100 |   94.33 |                               
  app.js               |   96.15 |       80 |     100 |   96.15 | 35,156                        
  index.js             |       0 |      100 |     100 |       0 | 4                             
 src/config            |     100 |    92.85 |     100 |     100 |                               
  cors.js              |     100 |      100 |     100 |     100 |                               
  rateLimit.js         |     100 |      100 |     100 |     100 |                               
  routes.js            |     100 |      100 |     100 |     100 |                               
  security.js          |     100 |       50 |     100 |     100 | 45                            
  services.js          |     100 |      100 |     100 |     100 |                               
 src/middleware        |   61.98 |     41.5 |   73.33 |   61.98 |                               
  authMiddleware.js    |   61.36 |       50 |      75 |   61.36 | 52-63,78-107,119              
  errorHandler.js      |   20.68 |        0 |      50 |   20.68 | 29-72                         
  logger.js            |      88 |       70 |      75 |      88 | 11,104-113                    
  rateLimiter.js       |   82.35 |    71.42 |      75 |   82.35 | 15-22,56                      
  requestId.js         |     100 |      100 |     100 |     100 |                               
 src/proxy             |   36.64 |    24.24 |   23.07 |   36.64 |                               
  circuitBreaker.js    |   66.66 |     61.9 |   57.14 |   66.66 | 30,54-56,69-71,84-101,109-112 
  healthCheck.js       |   25.92 |        0 |       0 |   25.92 | 12-33,48-62,69-82             
  proxyHandler.js      |   16.07 |     7.31 |   16.66 |   16.07 | 11-22,40-172                  
 src/utils             |   44.06 |    38.98 |   35.71 |   46.01 |                               
  cache.js             |       0 |        0 |       0 |       0 | 6-77                          
  helpers.js           |   39.02 |    26.31 |   44.44 |   43.24 | 19-43,50-54,102-107           
  metrics.js           |   97.29 |      100 |   85.71 |     100 |                               
  responseFormatter.js |       0 |        0 |       0 |       0 | 8-44                          
  validation.js        |       0 |        0 |       0 |       0 | 4-71                          
-----------------------|---------|----------|---------|---------|-------------------------------
Test Suites: 4 passed, 4 total
Tests:       22 passed, 22 total
Snapshots:   0 total
Time:        4.507 s
Ran all test suites.
